// Vitest Snapshot v1, https://vitest.dev/guide/snapshot.html

exports[`App > Renders Component According To Snapshot 1`] = `
<div>
  <input
    role="search"
    type="text"
    value=""
  />
  <button>
    Show Weather
  </button>
  <h1 />
  <p>
     Celcius
  </p>
  <img
    alt="Icon"
  />
</div>
`;
