// Vitest Snapshot v1, https://vitest.dev/guide/snapshot.html

exports[`Weather > Renders Component According To Snapshot 1`] = `
<div>
  <h1 />
  <p>
     Celcius
  </p>
  <img
    alt="Icon"
  />
</div>
`;
